[html.rrdevs.net/runok/index-3.html]
[backblue.gif]
[fade.gif]
[index.html]
[html.rrdevs.net/runok/assets/img/favicon.png]
[html.rrdevs.net/runok/assets/css/bootstrap.min.css]
[html.rrdevs.net/runok/assets/css/venobox.min.css]
[html.rrdevs.net/runok/assets/css/fontawesome.min.css]
[html.rrdevs.net/runok/assets/css/odometer.min.css]
[html.rrdevs.net/runok/assets/css/nice-select.css]
[html.rrdevs.net/runok/assets/css/carouselTicker.css]
[html.rrdevs.net/runok/assets/css/swiper.min.css]
[html.rrdevs.net/runok/index.html]
[html.rrdevs.net/runok/assets/css/main.css]
[html.rrdevs.net/runok/assets/img/logo/logo-2.png]
[html.rrdevs.net/runok/assets/img/logo/logo-3.png]
[html.rrdevs.net/runok/index-2.html]
[html.rrdevs.net/runok/index-4.html]
[html.rrdevs.net/runok/index-5.html]
[html.rrdevs.net/runok/index-6.html]
[html.rrdevs.net/runok/index-7.html]
[html.rrdevs.net/runok/index-8.html]
[html.rrdevs.net/runok/index-9.html]
[html.rrdevs.net/runok/index-10.html]
[html.rrdevs.net/runok/about.html]
[html.rrdevs.net/runok/team.html]
[html.rrdevs.net/runok/team-details.html]
[html.rrdevs.net/runok/project.html]
[html.rrdevs.net/runok/project-details.html]
[html.rrdevs.net/runok/pricing.html]
[html.rrdevs.net/runok/faq.html]
[html.rrdevs.net/runok/error.html]
[html.rrdevs.net/runok/service.html]
[html.rrdevs.net/runok/service-details.html]
[html.rrdevs.net/runok/shop.html]
[html.rrdevs.net/runok/shop-details.html]
[html.rrdevs.net/runok/cart.html]
[html.rrdevs.net/runok/wishlist.html]
[html.rrdevs.net/runok/checkout.html]
[html.rrdevs.net/runok/blog-grid.html]
[html.rrdevs.net/runok/blog-grid-2.html]
[html.rrdevs.net/runok/blog-details.html]
[html.rrdevs.net/runok/contact.html]
[html.rrdevs.net/runok/assets/img/images/hero-img-5.png]
[html.rrdevs.net/runok/assets/img/icon/scroll.png]
[html.rrdevs.net/runok/assets/img/icon/scroll-light.png]
[html.rrdevs.net/runok/assets/img/sponsor/sponsor-img-1.png]
[html.rrdevs.net/runok/assets/img/sponsor/sponsor-img-2.png]
[html.rrdevs.net/runok/assets/img/sponsor/sponsor-img-3.png]
[html.rrdevs.net/runok/assets/img/sponsor/sponsor-img-4.png]
[html.rrdevs.net/runok/assets/img/sponsor/sponsor-img-5.png]
[html.rrdevs.net/runok/assets/img/sponsor/sponsor-img-6.png]
[html.rrdevs.net/runok/assets/img/shapes/about-shape-3.png]
[html.rrdevs.net/runok/assets/img/images/about-img-6.png]
[html.rrdevs.net/runok/assets/img/images/about-img-7.png]
[html.rrdevs.net/runok/assets/img/icon/about-3.png]
[html.rrdevs.net/runok/assets/img/icon/about-4.png]
[html.rrdevs.net/runok/assets/img/service/service-img-1.png]
[html.rrdevs.net/runok/assets/img/service/service-img-2.png]
[html.rrdevs.net/runok/assets/img/service/service-img-3.png]
[html.rrdevs.net/runok/assets/img/service/service-img-4.png]
[html.rrdevs.net/runok/assets/img/bg-img/process-bg.png]
[html.rrdevs.net/runok/assets/img/bg-img/running-bg.jpg]
[html.rrdevs.net/runok/assets/img/project/project-img-4.png]
[html.rrdevs.net/runok/assets/img/project/project-img-3.png]
[html.rrdevs.net/runok/assets/img/project/project-img-2.png]
[html.rrdevs.net/runok/assets/img/bg-img/team-bg.png]
[html.rrdevs.net/runok/assets/img/team/team-1.png]
[html.rrdevs.net/runok/assets/img/team/team-2.png]
[html.rrdevs.net/runok/assets/img/team/team-3.png]
[html.rrdevs.net/runok/assets/img/team/team-4.png]
[html.rrdevs.net/runok/assets/img/images/apppoint-img.jpg]
[html.rrdevs.net/runok/assets/img/testi/testi-author-1.png]
[html.rrdevs.net/runok/assets/img/testi/testi-author-3.png]
[html.rrdevs.net/runok/assets/img/testi/testi-author-2.png]
[html.rrdevs.net/runok/assets/img/shapes/blog-round-shape-1.png]
[html.rrdevs.net/runok/assets/img/shapes/blog-round-shape-2.png]
[html.rrdevs.net/runok/assets/img/blog/post-6.png]
[html.rrdevs.net/runok/assets/img/blog/post-7.png]
[html.rrdevs.net/runok/assets/img/blog/post-8.png]
[html.rrdevs.net/runok/assets/img/shapes/footer-shape-2.png]
[html.rrdevs.net/runok/assets/js/vendor/jquary-3.6.0.min.js]
[html.rrdevs.net/runok/assets/js/vendor/bootstrap-bundle.js]
[html.rrdevs.net/runok/assets/js/vendor/imagesloaded-pkgd.js]
[html.rrdevs.net/runok/assets/js/vendor/waypoints.min.js]
[html.rrdevs.net/runok/assets/js/vendor/venobox.min.js]
[html.rrdevs.net/runok/assets/js/vendor/odometer.min.js]
[html.rrdevs.net/runok/assets/js/vendor/meanmenu.js]
[html.rrdevs.net/runok/assets/js/vendor/jquery.isotope.js]
[html.rrdevs.net/runok/assets/js/vendor/swiper.min.js]
[html.rrdevs.net/runok/assets/js/vendor/split-type.min.js]
[html.rrdevs.net/runok/assets/js/vendor/gsap.min.js]
[html.rrdevs.net/runok/assets/js/vendor/scroll-trigger.min.js]
[html.rrdevs.net/runok/assets/js/vendor/scroll-smoother.js]
[html.rrdevs.net/runok/assets/js/vendor/jquery.carouselTicker.js]
[html.rrdevs.net/runok/assets/js/vendor/nice-select.js]
[html.rrdevs.net/runok/assets/js/slider.js]
[html.rrdevs.net/runok/assets/js/contact.js]
[html.rrdevs.net/runok/assets/js/main.js]
[html.rrdevs.net/runok/index-3.html]
[html.rrdevs.net/runok/assets/css/bootstrap.min.css]
[html.rrdevs.net/runok/assets/fonts/fa-brands-400.woff2]
[html.rrdevs.net/runok/assets/fonts/fa-brands-400.ttf]
[html.rrdevs.net/runok/assets/fonts/fa-duotone-900.woff2]
[html.rrdevs.net/runok/assets/fonts/fa-light-300.woff2]
[html.rrdevs.net/runok/assets/fonts/fa-duotone-900.ttf]
[html.rrdevs.net/runok/assets/fonts/fa-regular-400.woff2]
[html.rrdevs.net/runok/assets/fonts/fa-regular-400.ttf]
[html.rrdevs.net/runok/assets/fonts/fa-solid-900.woff2]
[html.rrdevs.net/runok/assets/fonts/fa-solid-900.ttf]
[html.rrdevs.net/runok/assets/fonts/fa-light-300.ttf]
[html.rrdevs.net/runok/assets/fonts/fa-thin-100.woff2]
[html.rrdevs.net/runok/assets/fonts/fa-thin-100.ttf]
[html.rrdevs.net/runok/assets/font/fa-v4compatibility.woff2]
[html.rrdevs.net/runok/assets/font/fa-v4compatibility.ttf]
[html.rrdevs.net/runok/assets/css/fontawesome.min.css]
[html.rrdevs.net/runok/assets/css/venobox.min.css]
[html.rrdevs.net/runok/assets/css/odometer.min.css]
[html.rrdevs.net/runok/assets/css/nice-select.css]
[html.rrdevs.net/runok/assets/images/loader.gif]
[html.rrdevs.net/runok/assets/css/carouselTicker.css]
[html.rrdevs.net/runok/assets/css/swiper.min.css]
[html.rrdevs.net/runok/assets/img/cancel.png]
[html.rrdevs.net/runok/assets/img/cross.png]
[html.rrdevs.net/runok/assets/img/bg-img/hero-btn-bg.png]
[html.rrdevs.net/runok/assets/img/shapes/hero-shape-4.png]
[html.rrdevs.net/runok/assets/img/images/hero-mask-1.png]
[html.rrdevs.net/runok/assets/img/images/mask-img-1.png]
[html.rrdevs.net/runok/assets/img/shapes/hero-shape-4-light.png]
[html.rrdevs.net/runok/assets/css/main.css]
[html.rrdevs.net/runok/assets/img/bg-img/hero-bg-shape.png]
[html.rrdevs.net/runok/assets/img/shapes/hero-shape-1.png]
[html.rrdevs.net/runok/assets/img/images/hero-img-1.png]
[html.rrdevs.net/runok/assets/img/images/hero-img-2.png]
[html.rrdevs.net/runok/assets/img/images/hero-img-3.png]
[html.rrdevs.net/runok/assets/img/images/hero-img.png]
[html.rrdevs.net/runok/assets/img/shapes/process-shape.png]
[html.rrdevs.net/runok/assets/img/icon/process-1.png]
[html.rrdevs.net/runok/assets/img/icon/process-1-light.png]
[html.rrdevs.net/runok/assets/img/icon/process-2.png]
[html.rrdevs.net/runok/assets/img/icon/process-2-light.png]
[html.rrdevs.net/runok/assets/img/icon/process-3.png]
[html.rrdevs.net/runok/assets/img/icon/process-3-light.png]
[html.rrdevs.net/runok/assets/img/icon/process-4.png]
[html.rrdevs.net/runok/assets/img/icon/process-4-light.png]
[html.rrdevs.net/runok/assets/img/images/process-img.png]
[html.rrdevs.net/runok/assets/img/images/process-img-light.png]
[html.rrdevs.net/runok/assets/img/shapes/round-shape.png]
[html.rrdevs.net/runok/assets/img/shapes/about-dot-shape.png]
[html.rrdevs.net/runok/assets/img/images/about-img.jpg]
[html.rrdevs.net/runok/assets/img/images/about-img-1.jpg]
[html.rrdevs.net/runok/assets/img/images/about-text.png]
[html.rrdevs.net/runok/assets/img/images/about-text-light.png]
[html.rrdevs.net/runok/assets/img/shapes/service-shape-1.png]
[html.rrdevs.net/runok/assets/img/shapes/service-shape.png]
[html.rrdevs.net/runok/assets/img/service/service-2.jpg]
[html.rrdevs.net/runok/assets/img/service/service-1.jpg]
[html.rrdevs.net/runok/assets/img/service/service-3.jpg]
[html.rrdevs.net/runok/assets/img/service/service-4.jpg]
[html.rrdevs.net/runok/assets/img/shapes/faq-shape-1.png]
[html.rrdevs.net/runok/assets/img/images/faq-img.png]
[html.rrdevs.net/runok/assets/img/testi/testi-author-5.png]
[html.rrdevs.net/runok/assets/img/testi/testi-author-6.png]
[html.rrdevs.net/runok/assets/img/project/project-1.png]
[html.rrdevs.net/runok/assets/img/blog/post-1.jpg]
[html.rrdevs.net/runok/assets/img/blog/post-2.jpg]
[html.rrdevs.net/runok/assets/img/blog/post-3.jpg]
[html.rrdevs.net/runok/assets/img/sponsor/sponsor-1.png]
[html.rrdevs.net/runok/assets/img/sponsor/sponsor-2.png]
[html.rrdevs.net/runok/assets/img/sponsor/sponsor-3.png]
[html.rrdevs.net/runok/assets/img/sponsor/sponsor-4.png]
[html.rrdevs.net/runok/assets/img/shapes/footer-shape.png]
[html.rrdevs.net/runok/index.html]
[html.rrdevs.net/runok/assets/img/shapes/hero-shape-3.png]
[html.rrdevs.net/runok/assets/img/shapes/hero-shape-2.png]
[html.rrdevs.net/runok/assets/img/images/hero-img-4.png]
[html.rrdevs.net/runok/assets/img/shapes/service-cross.png]
[html.rrdevs.net/runok/assets/img/service/service-5.jpg]
[html.rrdevs.net/runok/assets/img/service/service-6.jpg]
[html.rrdevs.net/runok/assets/img/service/service-7.jpg]
[html.rrdevs.net/runok/assets/img/shapes/about-shape-1.png]
[html.rrdevs.net/runok/assets/img/shapes/about-shape-2.png]
[html.rrdevs.net/runok/assets/img/images/about-img-2.jpg]
[html.rrdevs.net/runok/assets/img/images/about-img-3.jpg]
[html.rrdevs.net/runok/assets/img/icon/about-1.png]
[html.rrdevs.net/runok/assets/img/icon/about-2.png]
[html.rrdevs.net/runok/assets/img/bg-img/reward-bg.png]
[html.rrdevs.net/runok/assets/img/bg-img/about-bg.png]
[html.rrdevs.net/runok/assets/img/images/about-img-4.png]
[html.rrdevs.net/runok/assets/img/images/about-img-5.png]
[html.rrdevs.net/runok/assets/img/shapes/brand-round-shape.png]
[html.rrdevs.net/runok/assets/img/images/brand-img.png]
[html.rrdevs.net/runok/assets/img/sponsor/brand-1.png]
[html.rrdevs.net/runok/assets/img/sponsor/brand-1-light.png]
[html.rrdevs.net/runok/assets/img/sponsor/brand-2.png]
[html.rrdevs.net/runok/assets/img/sponsor/brand-2-light.png]
[html.rrdevs.net/runok/assets/img/sponsor/brand-3.png]
[html.rrdevs.net/runok/assets/img/sponsor/brand-3-light.png]
[html.rrdevs.net/runok/assets/img/sponsor/brand-4.png]
[html.rrdevs.net/runok/assets/img/sponsor/brand-4-light.png]
[html.rrdevs.net/runok/assets/img/blog/post-4.jpg]
[html.rrdevs.net/runok/assets/img/blog/post-5.jpg]
[html.rrdevs.net/runok/assets/img/images/cta-img.png]
[html.rrdevs.net/runok/index-2.html]
[html.rrdevs.net/runok/assets/img/shapes/hero-shape-5.png]
[html.rrdevs.net/runok/assets/img/shapes/hero-shape-6.png]
[html.rrdevs.net/runok/assets/img/images/hero-img-6.png]
[html.rrdevs.net/runok/assets/img/shapes/about-shape-4.png]
[html.rrdevs.net/runok/assets/img/shapes/about-shape-5.png]
[html.rrdevs.net/runok/assets/img/images/about-img-8.png]
[html.rrdevs.net/runok/assets/img/images/about-img-9.png]
[html.rrdevs.net/runok/assets/img/icon/quote.png]
[html.rrdevs.net/runok/assets/img/icon/quote-light.png]
[html.rrdevs.net/runok/assets/img/testi/testi-author-4.png]
[html.rrdevs.net/runok/assets/img/images/testi-img-1.png]
[html.rrdevs.net/runok/assets/img/images/cs-img-1.png]
[html.rrdevs.net/runok/assets/img/images/cs-img-2.png]
[html.rrdevs.net/runok/index-4.html]
[html.rrdevs.net/runok/assets/img/logo/logo-1.png]
[html.rrdevs.net/runok/assets/img/shapes/slider-shape-1.png]
[html.rrdevs.net/runok/assets/img/bg-img/slider-img-1.jpg]
[html.rrdevs.net/runok/assets/img/bg-img/slider-img-2.jpg]
[html.rrdevs.net/runok/assets/img/bg-img/slider-img-5.jpg]
[html.rrdevs.net/runok/assets/img/images/about-img-10.png]
[html.rrdevs.net/runok/assets/img/icon/about-5.png]
[html.rrdevs.net/runok/assets/img/icon/about-7.png]
[html.rrdevs.net/runok/assets/img/images/about-img-11.png]
[html.rrdevs.net/runok/assets/img/shapes/service-shape-2.png]
[html.rrdevs.net/runok/assets/img/icon/service-1.png]
[html.rrdevs.net/runok/assets/img/icon/service-2.png]
[html.rrdevs.net/runok/assets/img/icon/service-3.png]
[html.rrdevs.net/runok/assets/img/icon/service-4.png]
[html.rrdevs.net/runok/assets/img/shapes/process-bg-shape.png]
[html.rrdevs.net/runok/assets/img/icon/counter-1.png]
[html.rrdevs.net/runok/assets/img/icon/counter-2.png]
[html.rrdevs.net/runok/assets/img/icon/counter-3.png]
[html.rrdevs.net/runok/assets/img/icon/counter-4.png]
[html.rrdevs.net/runok/assets/img/testi/author-img-1.png]
[html.rrdevs.net/runok/assets/img/testi/author-img-2.png]
[html.rrdevs.net/runok/assets/img/testi/author-img-3.png]
[html.rrdevs.net/runok/assets/img/images/testi-img-2.png]
[html.rrdevs.net/runok/assets/img/bg-img/cta-bg.png]
[html.rrdevs.net/runok/assets/img/shapes/footer-bg-shape.png]
[html.rrdevs.net/runok/index-5.html]
[html.rrdevs.net/runok/assets/img/shapes/slider-shape-2.png]
[html.rrdevs.net/runok/assets/img/bg-img/slider-img-3.jpg]
[html.rrdevs.net/runok/assets/img/bg-img/slider-img-4.jpg]
[html.rrdevs.net/runok/assets/img/images/exp-img.png]
[html.rrdevs.net/runok/assets/img/shapes/choose-bg-shape.png]
[html.rrdevs.net/runok/assets/img/images/choose-us-img.png]
[html.rrdevs.net/runok/assets/img/shapes/service-card-shape.png]
[html.rrdevs.net/runok/assets/img/shapes/service-card-shape-light.png]
[html.rrdevs.net/runok/assets/img/icon/service-icon-1.png]
[html.rrdevs.net/runok/assets/img/icon/service-icon-2.png]
[html.rrdevs.net/runok/assets/img/icon/service-icon-3.png]
[html.rrdevs.net/runok/assets/img/icon/service-icon-4.png]
[html.rrdevs.net/runok/assets/img/project/project-carousel-2.jpg]
[html.rrdevs.net/runok/assets/img/project/project-carousel-1.jpg]
[html.rrdevs.net/runok/assets/img/project/project-carousel-3.jpg]
[html.rrdevs.net/runok/assets/img/blog/post-11.jpg]
[html.rrdevs.net/runok/assets/img/blog/post-12.jpg]
[html.rrdevs.net/runok/assets/img/blog/post-13.jpg]
[html.rrdevs.net/runok/assets/img/blog/post-14.jpg]
[html.rrdevs.net/runok/assets/img/sponsor/sponsor-6.png]
[html.rrdevs.net/runok/assets/img/sponsor/sponsor-7.png]
[html.rrdevs.net/runok/assets/img/sponsor/sponsor-8.png]
[html.rrdevs.net/runok/assets/img/sponsor/sponsor-9.png]
[html.rrdevs.net/runok/assets/img/sponsor/sponsor-10.png]
[html.rrdevs.net/runok/assets/img/sponsor/sponsor-11.png]
[html.rrdevs.net/runok/index-6.html]
[html.rrdevs.net/runok/assets/img/shapes/hero-round-shape-1.png]
[html.rrdevs.net/runok/assets/img/shapes/hero-round-shape-2.png]
[html.rrdevs.net/runok/assets/img/images/hero-img-7.png]
[html.rrdevs.net/runok/assets/img/icon/counter-5.png]
[html.rrdevs.net/runok/assets/img/icon/counter-6.png]
[html.rrdevs.net/runok/assets/img/icon/counter-7.png]
[html.rrdevs.net/runok/assets/img/icon/counter-8.png]
[html.rrdevs.net/runok/assets/img/images/counter-img.png]
[html.rrdevs.net/runok/assets/img/bg-img/cta-bg-3.png]
[html.rrdevs.net/runok/assets/img/team/team-9.png]
[html.rrdevs.net/runok/assets/img/team/team-10.png]
[html.rrdevs.net/runok/assets/img/team/team-11.png]
[html.rrdevs.net/runok/assets/img/team/team-12.png]
[html.rrdevs.net/runok/assets/img/images/growth-img-1.png]
[html.rrdevs.net/runok/assets/img/images/growth-img-2.png]
[html.rrdevs.net/runok/assets/img/bg-img/running-bg-2.jpg]
[html.rrdevs.net/runok/assets/img/project/project-img-10.png]
[html.rrdevs.net/runok/assets/img/project/project-img-11.png]
[html.rrdevs.net/runok/assets/img/project/project-img-8.png]
[html.rrdevs.net/runok/assets/img/blog/grid-post-8.png]
[html.rrdevs.net/runok/assets/img/blog/grid-post-9.png]
[html.rrdevs.net/runok/assets/img/blog/grid-post-10.png]
[html.rrdevs.net/runok/index-7.html]
[html.rrdevs.net/runok/assets/img/shapes/slider-shape-3.png]
[html.rrdevs.net/runok/assets/img/images/slider-img-1.png]
[html.rrdevs.net/runok/assets/img/shapes/about-wrap-shape.png]
[html.rrdevs.net/runok/assets/img/images/about-img-12.png]
[html.rrdevs.net/runok/assets/img/images/about-img-13.png]
[html.rrdevs.net/runok/assets/img/icon/about-video-1.png]
[html.rrdevs.net/runok/assets/img/service/service-12.jpg]
[html.rrdevs.net/runok/assets/img/service/service-13.jpg]
[html.rrdevs.net/runok/assets/img/service/service-14.jpg]
[html.rrdevs.net/runok/assets/img/project/project-img-5.jpg]
[html.rrdevs.net/runok/assets/img/project/project-img-6.png]
[html.rrdevs.net/runok/assets/img/project/project-img-7.png]
[html.rrdevs.net/runok/assets/img/project/project-img-9.png]
[html.rrdevs.net/runok/assets/img/bg-img/cta-bg-2.png]
[html.rrdevs.net/runok/assets/img/images/content-img.png]
[html.rrdevs.net/runok/assets/img/bg-img/testi-bg.jpg]
[html.rrdevs.net/runok/assets/img/testi/testi-author-7.png]
[html.rrdevs.net/runok/assets/img/images/req-img.jpg]
[html.rrdevs.net/runok/assets/img/blog/post-15.png]
[html.rrdevs.net/runok/assets/img/blog/post-16.png]
[html.rrdevs.net/runok/assets/img/blog/post-17.png]
[html.rrdevs.net/runok/assets/img/sponsor/sponsor-thumb-1.png]
[html.rrdevs.net/runok/assets/img/sponsor/sponsor-thumb-2.png]
[html.rrdevs.net/runok/assets/img/sponsor/sponsor-thumb-3.png]
[html.rrdevs.net/runok/assets/img/sponsor/sponsor-thumb-4.png]
[html.rrdevs.net/runok/assets/img/sponsor/sponsor-thumb-5.png]
[html.rrdevs.net/runok/assets/img/sponsor/sponsor-thumb-6.png]
[html.rrdevs.net/runok/index-8.html]
[html.rrdevs.net/runok/assets/img/shapes/hero-shape-7.png]
[html.rrdevs.net/runok/assets/img/shapes/hero-shape-8.png]
[html.rrdevs.net/runok/assets/img/images/team-members.png]
[html.rrdevs.net/runok/assets/img/shapes/about-shape-6.png]
[html.rrdevs.net/runok/assets/img/shapes/about-shape-8.png]
[html.rrdevs.net/runok/assets/img/images/about-img-14.png]
[html.rrdevs.net/runok/assets/img/images/about-img-15.png]
[html.rrdevs.net/runok/assets/img/service/service-img-5.png]
[html.rrdevs.net/runok/assets/img/icon/service-5.png]
[html.rrdevs.net/runok/assets/img/service/service-img-6.png]
[html.rrdevs.net/runok/assets/img/icon/service-6.png]
[html.rrdevs.net/runok/assets/img/service/service-img-7.png]
[html.rrdevs.net/runok/assets/img/icon/service-7.png]
[html.rrdevs.net/runok/assets/img/shapes/grow-shape-1.png]
[html.rrdevs.net/runok/assets/img/shapes/team-item-shape.png]
[html.rrdevs.net/runok/assets/img/team/team-img-1.png]
[html.rrdevs.net/runok/assets/img/team/team-img-2.png]
[html.rrdevs.net/runok/assets/img/team/team-img-3.png]
[html.rrdevs.net/runok/assets/img/bg-img/testi-bg-2.png]
[html.rrdevs.net/runok/assets/img/images/testi-img-3.png]
[html.rrdevs.net/runok/assets/img/images/contact-cta-2.png]
[html.rrdevs.net/runok/index-9.html]
[html.rrdevs.net/runok/assets/img/shapes/hero-shape-9.png]
[html.rrdevs.net/runok/assets/img/images/hero-men-1.png]
[html.rrdevs.net/runok/assets/img/shapes/exp-shape-1.png]
[html.rrdevs.net/runok/assets/img/shapes/exp-shape-2.png]
[html.rrdevs.net/runok/assets/img/images/exp-img-1.png]
[html.rrdevs.net/runok/assets/img/images/exp-img-2.png]
[html.rrdevs.net/runok/assets/img/images/exp-img-3.png]
[html.rrdevs.net/runok/assets/img/images/exp-img-4.png]
[html.rrdevs.net/runok/assets/img/team/team-5.png]
[html.rrdevs.net/runok/assets/img/team/team-6.png]
[html.rrdevs.net/runok/assets/img/images/req-man.png]
[html.rrdevs.net/runok/assets/img/shapes/req-man-bg.png]
[html.rrdevs.net/runok/assets/img/blog/post-img-1.png]
[html.rrdevs.net/runok/assets/img/blog/post-img-2.png]
[html.rrdevs.net/runok/assets/img/blog/post-img-3.png]
[html.rrdevs.net/runok/assets/img/images/contact-cta.png]
[html.rrdevs.net/runok/index-10.html]
[html.rrdevs.net/runok/assets/img/bg-img/page-header-bg.jpg]
[html.rrdevs.net/runok/assets/img/shapes/page-header-shape-1.png]
[html.rrdevs.net/runok/assets/img/shapes/page-header-shape-2.png]
[html.rrdevs.net/runok/assets/img/shapes/page-header-shape-3.png]
[html.rrdevs.net/runok/about.html]
[html.rrdevs.net/runok/assets/img/team/team-7.png]
[html.rrdevs.net/runok/assets/img/team/team-8.png]
[html.rrdevs.net/runok/team.html]
[html.rrdevs.net/runok/assets/img/team/author-img.png]
[html.rrdevs.net/runok/assets/img/shapes/expert-bg-shape.png]
[html.rrdevs.net/runok/assets/img/images/expert-1.png]
[html.rrdevs.net/runok/assets/img/images/expert-2.png]
[html.rrdevs.net/runok/assets/img/images/expert-3.png]
[html.rrdevs.net/runok/team-details.html]
[html.rrdevs.net/runok/assets/img/images/cs-img-3.png]
[html.rrdevs.net/runok/assets/img/images/cs-img-4.png]
[html.rrdevs.net/runok/assets/img/images/cs-img-5.png]
[html.rrdevs.net/runok/assets/img/images/cs-img-6.png]
[html.rrdevs.net/runok/project.html]
[html.rrdevs.net/runok/assets/img/project/project-img-1.jpg]
[html.rrdevs.net/runok/assets/img/project/project-thumb-1.png]
[html.rrdevs.net/runok/assets/img/project/project-thumb-2.png]
[html.rrdevs.net/runok/assets/img/project/project-thumb-3.png]
[html.rrdevs.net/runok/assets/img/blog/comment-thumb-1.jpg]
[html.rrdevs.net/runok/assets/img/blog/comment-thumb-2.jpg]
[html.rrdevs.net/runok/assets/img/blog/comment-thumb-3.jpg]
[html.rrdevs.net/runok/project-details.html]
[html.rrdevs.net/runok/pricing.html]
[html.rrdevs.net/runok/assets/img/images/sponsor-img.png]
[html.rrdevs.net/runok/faq.html]
[html.rrdevs.net/runok/assets/img/images/error-img.png]
[html.rrdevs.net/runok/error.html]
[html.rrdevs.net/runok/assets/img/service/service-8.jpg]
[html.rrdevs.net/runok/assets/img/service/service-9.jpg]
[html.rrdevs.net/runok/assets/img/service/service-10.jpg]
[html.rrdevs.net/runok/assets/img/service/service-11.jpg]
[html.rrdevs.net/runok/assets/img/bg-img/service-cta.jpg]
[html.rrdevs.net/runok/service.html]
[html.rrdevs.net/runok/assets/img/service/service-details-img.jpg]
[html.rrdevs.net/runok/assets/img/icon/download-icon-1.png]
[html.rrdevs.net/runok/assets/img/icon/download-icon-1-light.png]
[html.rrdevs.net/runok/assets/img/icon/download-icon-2.png]
[html.rrdevs.net/runok/assets/img/icon/download-icon-2-light.png]
[html.rrdevs.net/runok/service-details.html]
[html.rrdevs.net/runok/assets/img/shop/shop-1.png]
[html.rrdevs.net/runok/assets/img/shop/shop-2.png]
[html.rrdevs.net/runok/assets/img/shop/shop-3.png]
[html.rrdevs.net/runok/assets/img/shop/shop-4.png]
[html.rrdevs.net/runok/assets/img/shop/shop-5.png]
[html.rrdevs.net/runok/assets/img/shop/shop-6.png]
[html.rrdevs.net/runok/assets/img/shop/shop-7.png]
[html.rrdevs.net/runok/assets/img/shop/shop-8.png]
[html.rrdevs.net/runok/shop.html]
[html.rrdevs.net/runok/assets/img/shop/shop-slider-1.jpg]
[html.rrdevs.net/runok/assets/img/shop/shop-thumb-1.png]
[html.rrdevs.net/runok/assets/img/shop/shop-thumb-2.png]
[html.rrdevs.net/runok/assets/img/shop/shop-thumb-3.png]
[html.rrdevs.net/runok/assets/img/shop/review-list-1.jpg]
[html.rrdevs.net/runok/assets/img/shop/review-list-2.jpg]
[html.rrdevs.net/runok/shop-details.html]
[html.rrdevs.net/runok/assets/img/shop/cart-img-1.png]
[html.rrdevs.net/runok/assets/img/shop/cart-img-2.png]
[html.rrdevs.net/runok/cart.html]
[html.rrdevs.net/runok/assets/img/shop/cart-img-3.png]
[html.rrdevs.net/runok/wishlist.html]
[html.rrdevs.net/runok/checkout.html]
[html.rrdevs.net/runok/assets/img/blog/grid-post-1.png]
[html.rrdevs.net/runok/assets/img/blog/grid-post-2.png]
[html.rrdevs.net/runok/assets/img/blog/grid-post-3.png]
[html.rrdevs.net/runok/assets/img/blog/blog-author-img.png]
[html.rrdevs.net/runok/assets/img/blog/sidebar-thumb-1.png]
[html.rrdevs.net/runok/assets/img/blog/sidebar-thumb-2.png]
[html.rrdevs.net/runok/assets/img/blog/sidebar-thumb-3.png]
[html.rrdevs.net/runok/assets/img/blog/blog-gallery-1.png]
[html.rrdevs.net/runok/assets/img/blog/blog-gallery-2.png]
[html.rrdevs.net/runok/assets/img/blog/blog-gallery-3.png]
[html.rrdevs.net/runok/assets/img/blog/blog-gallery-4.png]
[html.rrdevs.net/runok/assets/img/blog/blog-gallery-5.png]
[html.rrdevs.net/runok/assets/img/blog/blog-gallery-6.png]
[html.rrdevs.net/runok/assets/img/blog/blog-gallery-7.png]
[html.rrdevs.net/runok/assets/img/blog/blog-gallery-8.png]
[html.rrdevs.net/runok/blog-grid.html]
[html.rrdevs.net/runok/assets/img/blog/grid-post-4.png]
[html.rrdevs.net/runok/assets/img/blog/grid-post-5.png]
[html.rrdevs.net/runok/assets/img/blog/grid-post-6.png]
[html.rrdevs.net/runok/assets/img/blog/grid-post-7.png]
[html.rrdevs.net/runok/blog-grid-2.html]
[html.rrdevs.net/runok/assets/img/blog/blog-details-img.png]
[html.rrdevs.net/runok/assets/img/blog/blog-details-img-1.png]
[html.rrdevs.net/runok/assets/img/blog/blog-details-img-2.png]
[html.rrdevs.net/runok/assets/img/blog/blog-details-img-3.png]
[html.rrdevs.net/runok/assets/img/blog/author-img.png]
[html.rrdevs.net/runok/blog-details.html]
[html.rrdevs.net/runok/contact.html]
[html.rrdevs.net/runok/assets/js/vendor/jquary-3.6.0.min.js]
[html.rrdevs.net/runok/assets/js/vendor/bootstrap-bundle.js]
[html.rrdevs.net/runok/assets/js/vendor/imagesloaded-pkgd.js]
[html.rrdevs.net/runok/assets/js/vendor/waypoints.min.js]
[html.rrdevs.net/runok/GET]
[html.rrdevs.net/runok/assets/js/vendor/venobox.min.js]
[html.rrdevs.net/runok/assets/js/vendor/odometer.min.js]
[html.rrdevs.net/runok/assets/js/vendor/meanmenu.js]
[html.rrdevs.net/runok/assets/js/vendor/jquery.isotope.js]
[html.rrdevs.net/runok/assets/js/vendor/swiper.min.js]
[html.rrdevs.net/runok/assets/js/vendor/split-type.min.js]
[html.rrdevs.net/runok/assets/js/vendor/gsap.min.js]
[html.rrdevs.net/runok/assets/js/vendor/scroll-trigger.min.js]
[html.rrdevs.net/runok/assets/js/vendor/scroll-smoother.js]
[html.rrdevs.net/runok/assets/js/vendor/jquery.carouselTicker.js]
[html.rrdevs.net/runok/assets/js/vendor/nice-select.js]
[html.rrdevs.net/runok/assets/js/slider.js]
[html.rrdevs.net/runok/assets/js/contact.js]
[html.rrdevs.net/runok/assets/js/main.js]
[html.rrdevs.net/runok/assets/font/fa-v4compatibility.html]
[html.rrdevs.net/runok/assets/font/fa-v4compatibility-2.html]
[html.rrdevs.net/runok/assets/images/loader.html]
[html.rrdevs.net/runok/assets/img/cross.html]
[html.rrdevs.net/runok/GET.html]
